

================================================================
== Vitis HLS Report for 'MHGD_detect_accel'
================================================================
* Date:           Mon Mar 31 11:41:45 2025

* Version:        2024.2 (Build 5238294 on Nov  8 2024)
* Project:        component_perfect_loop_hls
* Solution:       hls (Vivado IP Flow Target)
* Product family: zynquplus
* Target device:  xck26-sfvc784-2LV-c


================================================================
== Performance Estimates
================================================================
+ Timing: 
    * Summary: 
    +--------+----------+----------+------------+
    |  Clock |  Target  | Estimated| Uncertainty|
    +--------+----------+----------+------------+
    |ap_clk  |  10.00 ns|  6.910 ns|     2.70 ns|
    +--------+----------+----------+------------+

+ Latency: 
    * Summary: 
    +---------+---------+-----------+----------+-----+-------+---------+
    |  Latency (cycles) |  Latency (absolute)  |   Interval  | Pipeline|
    |   min   |   max   |    min    |    max   | min |  max  |   Type  |
    +---------+---------+-----------+----------+-----+-------+---------+
    |        1|    30018|  10.000 ns|  0.300 ms|    2|  30019|       no|
    +---------+---------+-----------+----------+-----+-------+---------+

    + Detail: 
        * Instance: 
        +-------------------------------------------------------+---------------------------------------------+---------+---------+----------+----------+-------+-------+------------------------------------------------+
        |                                                       |                                             |  Latency (cycles) |  Latency (absolute) |    Interval   |                    Pipeline                    |
        |                        Instance                       |                    Module                   |   min   |   max   |    min   |    max   |  min  |  max  |                      Type                      |
        +-------------------------------------------------------+---------------------------------------------+---------+---------+----------+----------+-------+-------+------------------------------------------------+
        |grp_MHGD_detect_accel_Pipeline_VITIS_LOOP_483_3_fu_82  |MHGD_detect_accel_Pipeline_VITIS_LOOP_483_3  |    10003|    30003|  0.100 ms|  0.300 ms|  10002|  30002|  loop auto-rewind stp (delay=0 clock cycles(s))|
        +-------------------------------------------------------+---------------------------------------------+---------+---------+----------+----------+-------+-------+------------------------------------------------+

        * Loop: 
        N/A



================================================================
== Utilization Estimates
================================================================
* Summary: 
+-----------------+---------+------+--------+--------+-----+
|       Name      | BRAM_18K|  DSP |   FF   |   LUT  | URAM|
+-----------------+---------+------+--------+--------+-----+
|DSP              |        -|     -|       -|       -|    -|
|Expression       |        -|     -|       0|      82|    -|
|FIFO             |        -|     -|       -|       -|    -|
|Instance         |        -|    26|    1190|    2853|    -|
|Memory           |        -|     -|       -|       -|    -|
|Multiplexer      |        -|     -|       0|      81|    -|
|Register         |        -|     -|     201|       -|    -|
+-----------------+---------+------+--------+--------+-----+
|Total            |        0|    26|    1391|    3016|    0|
+-----------------+---------+------+--------+--------+-----+
|Available        |      288|  1248|  234240|  117120|   64|
+-----------------+---------+------+--------+--------+-----+
|Utilization (%)  |        0|     2|      ~0|       2|    0|
+-----------------+---------+------+--------+--------+-----+

+ Detail: 
    * Instance: 
    +-------------------------------------------------------+---------------------------------------------+---------+----+------+------+-----+
    |                        Instance                       |                    Module                   | BRAM_18K| DSP|  FF  |  LUT | URAM|
    +-------------------------------------------------------+---------------------------------------------+---------+----+------+------+-----+
    |grp_MHGD_detect_accel_Pipeline_VITIS_LOOP_483_3_fu_82  |MHGD_detect_accel_Pipeline_VITIS_LOOP_483_3  |        0|   0|    70|   187|    0|
    |dexp_64ns_64ns_64_13_full_dsp_1_U9                     |dexp_64ns_64ns_64_13_full_dsp_1              |        0|  26|  1120|  2666|    0|
    |fptrunc_64ns_32_2_no_dsp_1_U8                          |fptrunc_64ns_32_2_no_dsp_1                   |        0|   0|     0|     0|    0|
    +-------------------------------------------------------+---------------------------------------------+---------+----+------+------+-----+
    |Total                                                  |                                             |        0|  26|  1190|  2853|    0|
    +-------------------------------------------------------+---------------------------------------------+---------+----+------+------+-----+

    * DSP: 
    N/A

    * Memory: 
    N/A

    * FIFO: 
    N/A

    * Expression: 
    +----------------------------------+----------+----+---+----+------------+------------+
    |           Variable Name          | Operation| DSP| FF| LUT| Bitwidth P0| Bitwidth P1|
    +----------------------------------+----------+----+---+----+------------+------------+
    |and_ln438_fu_113_p2               |       and|   0|  0|   2|           1|           1|
    |ap_block_state16_on_subcall_done  |       and|   0|  0|   2|           1|           1|
    |icmp_ln434_fu_107_p2              |      icmp|   0|  0|  39|          32|           1|
    |icmp_ln449_fu_101_p2              |      icmp|   0|  0|  39|          32|           1|
    +----------------------------------+----------+----+---+----+------------+------------+
    |Total                             |          |   0|  0|  82|          66|           4|
    +----------------------------------+----------+----+---+----+------------+------------+

    * Multiplexer: 
    +-----------+----+-----------+-----+-----------+
    |    Name   | LUT| Input Size| Bits| Total Bits|
    +-----------+----+-----------+-----+-----------+
    |ap_NS_fsm  |  81|         17|    1|         17|
    +-----------+----+-----------+-----+-----------+
    |Total      |  81|         17|    1|         17|
    +-----------+----+-----------+-----+-----------+

    * Register: 
    +--------------------------------------------------------------------+----+----+-----+-----------+
    |                                Name                                | FF | LUT| Bits| Const Bits|
    +--------------------------------------------------------------------+----+----+-----+-----------+
    |and_ln438_reg_143                                                   |   1|   0|    1|          0|
    |ap_CS_fsm                                                           |  16|   0|   16|          0|
    |grp_MHGD_detect_accel_Pipeline_VITIS_LOOP_483_3_fu_82_ap_start_reg  |   1|   0|    1|          0|
    |icmp_ln449_reg_138                                                  |   1|   0|    1|          0|
    |iter_read_reg_133                                                   |  32|   0|   32|          0|
    |p_acc_reg_152                                                       |  32|   0|   32|          0|
    |tmp_s_reg_147                                                       |  64|   0|   64|          0|
    |trunc_ln524_1_reg_162                                               |  23|   0|   23|          0|
    |trunc_ln524_reg_157                                                 |  31|   0|   31|          0|
    +--------------------------------------------------------------------+----+----+-----+-----------+
    |Total                                                               | 201|   0|  201|          0|
    +--------------------------------------------------------------------+----+----+-----+-----------+



================================================================
== Interface
================================================================
* Summary: 
+-----------+-----+-----+------------+-------------------+--------------+
| RTL Ports | Dir | Bits|  Protocol  |   Source Object   |    C Type    |
+-----------+-----+-----+------------+-------------------+--------------+
|ap_clk     |   in|    1|  ap_ctrl_hs|  MHGD_detect_accel|  return value|
|ap_rst     |   in|    1|  ap_ctrl_hs|  MHGD_detect_accel|  return value|
|ap_start   |   in|    1|  ap_ctrl_hs|  MHGD_detect_accel|  return value|
|ap_done    |  out|    1|  ap_ctrl_hs|  MHGD_detect_accel|  return value|
|ap_idle    |  out|    1|  ap_ctrl_hs|  MHGD_detect_accel|  return value|
|ap_ready   |  out|    1|  ap_ctrl_hs|  MHGD_detect_accel|  return value|
|ap_return  |  out|   32|  ap_ctrl_hs|  MHGD_detect_accel|  return value|
|x_hat      |   in|   64|     ap_none|              x_hat|       pointer|
|Nt         |   in|   32|     ap_none|                 Nt|        scalar|
|Nr         |   in|   32|     ap_none|                 Nr|        scalar|
|mu         |   in|   32|     ap_none|                 mu|        scalar|
|H          |   in|   64|     ap_none|                  H|       pointer|
|y          |   in|   64|     ap_none|                  y|       pointer|
|sigma2     |   in|   32|     ap_none|             sigma2|        scalar|
|mmse_init  |   in|   32|     ap_none|          mmse_init|        scalar|
|lr_approx  |   in|   32|     ap_none|          lr_approx|        scalar|
|iter       |   in|   32|     ap_none|               iter|        scalar|
|v_tb       |   in|   64|     ap_none|               v_tb|       pointer|
+-----------+-----+-----+------------+-------------------+--------------+

