

================================================================
== Vitis HLS Report for 'MHGD_detect_accel_Pipeline_VITIS_LOOP_480_3'
================================================================
* Date:           Mon Mar 31 10:13:18 2025

* Version:        2024.2 (Build 5238294 on Nov  8 2024)
* Project:        component_perfect_loop
* Solution:       hls (Vivado IP Flow Target)
* Product family: virtexuplus
* Target device:  xcvu9p-flga2104-2-i


================================================================
== Performance Estimates
================================================================
+ Timing: 
    * Summary: 
    +--------+----------+----------+------------+
    |  Clock |  Target  | Estimated| Uncertainty|
    +--------+----------+----------+------------+
    |ap_clk  |  10.00 ns|  7.379 ns|     2.70 ns|
    +--------+----------+----------+------------+

+ Latency: 
    * Summary: 
    +---------+---------+----------+----------+-----+-----+------------------------------------------------+
    |  Latency (cycles) |  Latency (absolute) |  Interval |                    Pipeline                    |
    |   min   |   max   |    min   |    max   | min | max |                      Type                      |
    +---------+---------+----------+----------+-----+-----+------------------------------------------------+
    |        ?|        ?|         ?|         ?|    0|    0|  loop auto-rewind stp (delay=0 clock cycles(s))|
    +---------+---------+----------+----------+-----+-----+------------------------------------------------+

    + Detail: 
        * Instance: 
        N/A

        * Loop: 
        +--------------------+---------+---------+----------+-----------+-----------+------+----------+
        |                    |  Latency (cycles) | Iteration|  Initiation Interval  | Trip |          |
        |      Loop Name     |   min   |   max   |  Latency |  achieved |   target  | Count| Pipelined|
        +--------------------+---------+---------+----------+-----------+-----------+------+----------+
        |- VITIS_LOOP_480_3  |        ?|        ?|         1|          1|          1|     ?|       yes|
        +--------------------+---------+---------+----------+-----------+-----------+------+----------+

============================================================
+ Verbose Summary: Synthesis Manager
============================================================
InlineROM: 1
ExposeGlobal: 0
============================================================
+ Verbose Summary: CDFG Model
============================================================
IsTopModel: 0
ResetActiveHigh: 1
IsCombinational: 0
IsDatapathOnly: 0
HasWiredReturn: 1
HasMFsm: 2
HasVarLatency: 1
IsPipeline: 0
IsRtlPipelined: 0
IsInstanceOverlapped: 0
IsDontTouch: 0
HasImplIP: 0
IsGatedGlobalClock: 0

+ Individual pipeline summary: 
  * Pipeline-0: initiation interval (II) = 1, depth = 1


============================================================
+ Verbose Summary: Schedule
============================================================
* Number of FSM states : 1
* Pipeline : 1
  Pipeline-0 : II = 1, D = 1, States = { 1 }
* Dataflow Pipeline: 0

* FSM state transitions: 
1 --> 

* FSM state operations: 

State 1 <SV = 0> <Delay = 7.37>
ST_1 : Operation 4 [1/1] (0.00ns)   --->   "%k = alloca i32 1"   --->   Operation 4 'alloca' 'k' <Predicate = true> <Delay = 0.00>
ST_1 : Operation 5 [1/1] (0.00ns)   --->   "%icmp_ln449_read = read i1 @_ssdm_op_Read.ap_auto.i1, i1 %icmp_ln449"   --->   Operation 5 'read' 'icmp_ln449_read' <Predicate = true> <Delay = 0.00>
ST_1 : Operation 6 [1/1] (0.00ns)   --->   "%p_acc_read = read i32 @_ssdm_op_Read.ap_auto.float, i32 %p_acc"   --->   Operation 6 'read' 'p_acc_read' <Predicate = true> <Delay = 0.00>
ST_1 : Operation 7 [1/1] (0.00ns)   --->   "%tmp_2 = read i23 @_ssdm_op_Read.ap_auto.i23, i23 %empty"   --->   Operation 7 'read' 'tmp_2' <Predicate = true> <Delay = 0.00>
ST_1 : Operation 8 [1/1] (0.00ns)   --->   "%bitcast_ln519_read = read i31 @_ssdm_op_Read.ap_auto.i31, i31 %bitcast_ln519"   --->   Operation 8 'read' 'bitcast_ln519_read' <Predicate = true> <Delay = 0.00>
ST_1 : Operation 9 [1/1] (0.00ns)   --->   "%iter_read = read i32 @_ssdm_op_Read.ap_auto.i32, i32 %iter"   --->   Operation 9 'read' 'iter_read' <Predicate = true> <Delay = 0.00>
ST_1 : Operation 10 [1/1] (0.38ns)   --->   "%store_ln0 = store i31 0, i31 %k"   --->   Operation 10 'store' 'store_ln0' <Predicate = true> <Delay = 0.38>
ST_1 : Operation 11 [1/1] (0.00ns)   --->   "%br_ln0 = br void %VITIS_LOOP_490_4"   --->   Operation 11 'br' 'br_ln0' <Predicate = true> <Delay = 0.00>
ST_1 : Operation 12 [1/1] (0.00ns)   --->   "%k_load = load i31 %k" [MHGD_accel.c:480]   --->   Operation 12 'load' 'k_load' <Predicate = true> <Delay = 0.00>
ST_1 : Operation 13 [1/1] (0.00ns)   --->   "%zext_ln480 = zext i31 %k_load" [MHGD_accel.c:480]   --->   Operation 13 'zext' 'zext_ln480' <Predicate = true> <Delay = 0.00>
ST_1 : Operation 14 [1/1] (0.88ns)   --->   "%icmp_ln480 = icmp_slt  i32 %zext_ln480, i32 %iter_read" [MHGD_accel.c:480]   --->   Operation 14 'icmp' 'icmp_ln480' <Predicate = true> <Delay = 0.88> <CoreInst = "Cmp">   --->   Core 9 'Cmp' <Latency = 0> <II = 1> <Delay = 0.88> <FuncUnit> <Opcode : 'seteq' 'setne' 'setle' 'setge' 'setlt' 'setgt'> <InPorts = 2> <OutPorts = 1>
ST_1 : Operation 15 [1/1] (0.87ns)   --->   "%add_ln480 = add i31 %k_load, i31 1" [MHGD_accel.c:480]   --->   Operation 15 'add' 'add_ln480' <Predicate = true> <Delay = 0.87> <CoreInst = "Adder">   --->   Core 1 'Adder' <Latency = 0> <II = 1> <Delay = 0.87> <FuncUnit> <Opcode : 'add' 'sub'> <InPorts = 2> <OutPorts = 1>
ST_1 : Operation 16 [1/1] (0.38ns)   --->   "%br_ln480 = br i1 %icmp_ln480, void %for.inc.i212.exitStub, void %VITIS_LOOP_490_4.split" [MHGD_accel.c:480]   --->   Operation 16 'br' 'br_ln480' <Predicate = true> <Delay = 0.38>
ST_1 : Operation 17 [1/1] (0.00ns)   --->   "%specpipeline_ln482 = specpipeline void @_ssdm_op_SpecPipeline, i32 1, i32 0, i32 0, i32 0, void @empty_0" [MHGD_accel.c:482]   --->   Operation 17 'specpipeline' 'specpipeline_ln482' <Predicate = (icmp_ln480)> <Delay = 0.00>
ST_1 : Operation 18 [1/1] (0.00ns)   --->   "%specloopname_ln480 = specloopname void @_ssdm_op_SpecLoopName, void @empty_3" [MHGD_accel.c:480]   --->   Operation 18 'specloopname' 'specloopname_ln480' <Predicate = (icmp_ln480)> <Delay = 0.00>
ST_1 : Operation 19 [1/1] (0.00ns)   --->   "%tmp = partselect i8 @_ssdm_op_PartSelect.i8.i31.i32.i32, i31 %bitcast_ln519_read, i32 23, i32 30" [MHGD_accel.c:519]   --->   Operation 19 'partselect' 'tmp' <Predicate = (icmp_ln480)> <Delay = 0.00>
ST_1 : Operation 20 [1/1] (0.70ns)   --->   "%icmp_ln519 = icmp_ne  i8 %tmp, i8 255" [MHGD_accel.c:519]   --->   Operation 20 'icmp' 'icmp_ln519' <Predicate = (icmp_ln480)> <Delay = 0.70> <CoreInst = "Cmp">   --->   Core 9 'Cmp' <Latency = 0> <II = 1> <Delay = 0.70> <FuncUnit> <Opcode : 'seteq' 'setne' 'setle' 'setge' 'setlt' 'setgt'> <InPorts = 2> <OutPorts = 1>
ST_1 : Operation 21 [1/1] (0.82ns)   --->   "%icmp_ln519_1 = icmp_eq  i23 %tmp_2, i23 0" [MHGD_accel.c:519]   --->   Operation 21 'icmp' 'icmp_ln519_1' <Predicate = (icmp_ln480)> <Delay = 0.82> <CoreInst = "Cmp">   --->   Core 9 'Cmp' <Latency = 0> <II = 1> <Delay = 0.82> <FuncUnit> <Opcode : 'seteq' 'setne' 'setle' 'setge' 'setlt' 'setgt'> <InPorts = 2> <OutPorts = 1>
ST_1 : Operation 22 [1/1] (0.00ns) (grouped into LUT with out node and_ln519_1)   --->   "%or_ln519 = or i1 %icmp_ln519_1, i1 %icmp_ln519" [MHGD_accel.c:519]   --->   Operation 22 'or' 'or_ln519' <Predicate = (icmp_ln480)> <Delay = 0.00> <CoreInst = "LogicGate">   --->   Core 74 'LogicGate' <Latency = 0> <II = 1> <Delay = 0.12> <FuncUnit> <Opcode : 'and' 'or' 'xor'> <InPorts = 2> <OutPorts = 1>
ST_1 : Operation 23 [1/1] (6.87ns)   --->   "%tmp_1 = fcmp_ogt  i32 %p_acc_read, i32 0.472911" [MHGD_accel.c:519]   --->   Operation 23 'fcmp' 'tmp_1' <Predicate = (icmp_ln480)> <Delay = 6.87> <CoreInst = "FCompare">   --->   Core 19 'FCompare' <Latency = 0> <II = 1> <Delay = 6.87> <FuncUnit> <Opcode : 'fcmp'> <InPorts = 2> <OutPorts = 1>
ST_1 : Operation 24 [1/1] (0.00ns) (grouped into LUT with out node and_ln519_1)   --->   "%and_ln519 = and i1 %icmp_ln449_read, i1 %tmp_1" [MHGD_accel.c:519]   --->   Operation 24 'and' 'and_ln519' <Predicate = (icmp_ln480)> <Delay = 0.00> <CoreInst = "LogicGate">   --->   Core 74 'LogicGate' <Latency = 0> <II = 1> <Delay = 0.12> <FuncUnit> <Opcode : 'and' 'or' 'xor'> <InPorts = 2> <OutPorts = 1>
ST_1 : Operation 25 [1/1] (0.12ns) (out node of the LUT)   --->   "%and_ln519_1 = and i1 %and_ln519, i1 %or_ln519" [MHGD_accel.c:519]   --->   Operation 25 'and' 'and_ln519_1' <Predicate = (icmp_ln480)> <Delay = 0.12> <CoreInst = "LogicGate">   --->   Core 74 'LogicGate' <Latency = 0> <II = 1> <Delay = 0.12> <FuncUnit> <Opcode : 'and' 'or' 'xor'> <InPorts = 2> <OutPorts = 1>
ST_1 : Operation 26 [1/1] (0.38ns)   --->   "%br_ln519 = br i1 %and_ln519_1, void %for.inc122, void %for.inc.i212.exitStub" [MHGD_accel.c:519]   --->   Operation 26 'br' 'br_ln519' <Predicate = (icmp_ln480)> <Delay = 0.38>
ST_1 : Operation 27 [1/1] (0.38ns)   --->   "%store_ln480 = store i31 %add_ln480, i31 %k" [MHGD_accel.c:480]   --->   Operation 27 'store' 'store_ln480' <Predicate = (icmp_ln480 & !and_ln519_1)> <Delay = 0.38>
ST_1 : Operation 28 [1/1] (0.00ns)   --->   "%br_ln480 = br void %VITIS_LOOP_490_4" [MHGD_accel.c:480]   --->   Operation 28 'br' 'br_ln480' <Predicate = (icmp_ln480 & !and_ln519_1)> <Delay = 0.00>
ST_1 : Operation 29 [1/1] (0.00ns) (grouped into LUT with out node ret_ln0)   --->   "%merge = phi i1 1, void %VITIS_LOOP_490_4, i1 0, void %VITIS_LOOP_490_4.split"   --->   Operation 29 'phi' 'merge' <Predicate = (and_ln519_1) | (!icmp_ln480)> <Delay = 0.00>
ST_1 : Operation 30 [1/1] (0.38ns) (out node of the LUT)   --->   "%ret_ln0 = ret i1 %merge"   --->   Operation 30 'ret' 'ret_ln0' <Predicate = (and_ln519_1) | (!icmp_ln480)> <Delay = 0.38>


============================================================
+ Verbose Summary: Timing violations
============================================================
Target clock period: 10.000ns, clock uncertainty: 2.700ns.

 <State 1>: 7.379ns
The critical path consists of the following:
	wire read operation ('p_acc_read') on port 'p_acc' [8]  (0.000 ns)
	'fcmp' operation 1 bit ('tmp_1', MHGD_accel.c:519) [27]  (6.870 ns)
	'and' operation 1 bit ('and_ln519', MHGD_accel.c:519) [28]  (0.000 ns)
	'and' operation 1 bit ('and_ln519_1', MHGD_accel.c:519) [29]  (0.122 ns)
	'store' operation 0 bit ('store_ln480', MHGD_accel.c:480) of variable 'add_ln480', MHGD_accel.c:480 on local variable 'k' [32]  (0.387 ns)


============================================================
+ Verbose Summary: Binding
============================================================
N/A
* FSMD analyzer results:
  - Output states:
 - Input state : 
  - Chain level:
	State 1


============================================================
+ Verbose Summary: Datapath Resource usage 
============================================================
N/A
